
> vite_react_shadcn_ts@0.0.0 build
> vite build

[36mvite v5.4.19 [32mbuilding for production...[36m[39m
transforming...
[32mÔ£ô[39m 32 modules transformed.
node.exe : [31mx[39m Build failed in 
5.69s
No linha:1 caractere:1
+ & "C:\Program Files\nodejs/node.exe" 
"C:\Users\netom\AppData\Roaming\ ...
+ ~~~~~~~~~~~~~~~~~~~~~~~~~~~~~~~~~~~~~~~~~
~~~~~~~~~~~~~~~~~~~~~~~~~~~~
    + CategoryInfo          : NotSpecified 
   : ([31mx[39m Build failed in 5.69s:S  
  tring) [], RemoteException
    + FullyQualifiedErrorId : NativeComman 
   dError
 
[31merror during build:
[31m[vite-plugin-pwa:build] Transform 
failed with 1 error:
C:/Users/netom/OneDrive/├ürea de Trabalho/R
AVA.FIT.PRO-main/src/pages/dashboard/Studen
tDetailsPage.tsx:276:44: ERROR: Expected 
">" but found "?"[31m
file: [36mC:/Users/netom/OneDrive/├ürea 
de Trabalho/RAVA.FIT.PRO-main/src/pages/das
hboard/StudentDetailsPage.tsx:276:44[31m
[33m
[33mExpected ">" but found "?"[33m
274|                                      
variant="outline"
275|                                      
isActive
276|                                       
       ? 'border-amber-500/50 
text-amber-500 bg-amber-500/10'
   |                                       
       ^
277|                                  : 
'border-zinc-500/50 text-zinc-500 
bg-zinc-500/10'
278|                                      
)}
[31m
    at failureErrorWithLog 
(C:\Users\netom\OneDrive\├ürea de Trabalho\
RAVA.FIT.PRO-main\node_modules\esbuild\lib\
main.js:1472:15)
    at C:\Users\netom\OneDrive\├ürea de Tra
balho\RAVA.FIT.PRO-main\node_modules\esbuil
d\lib\main.js:755:50
    at responseCallbacks.<computed> 
(C:\Users\netom\OneDrive\├ürea de Trabalho\
RAVA.FIT.PRO-main\node_modules\esbuild\lib\
main.js:622:9)
    at handleIncomingPacket 
(C:\Users\netom\OneDrive\├ürea de Trabalho\
RAVA.FIT.PRO-main\node_modules\esbuild\lib\
main.js:677:12)
    at Socket.readFromStdout 
(C:\Users\netom\OneDrive\├ürea de Trabalho\
RAVA.FIT.PRO-main\node_modules\esbuild\lib\
main.js:600:7)
    at Socket.emit (node:events:519:28)
    at addChunk 
(node:internal/streams/readable:561:12)
    at readableAddChunkPushByteMode 
(node:internal/streams/readable:512:3)
    at Readable.push 
(node:internal/streams/readable:392:5)
    at Pipe.onStreamRead (node:internal/str
eam_base_commons:189:23)[39m
